Drill report for Fx2Mec8.kicad_pcb
Created on 2024-05-02T10:16:12+0200

Copper Layer Stackup:
    =============================================================
    L1 :  Top                       front
    L2 :  SIG_1                     in1
    L3 :  GND_1                     in2
    L4 :  GND_2                     in3
    L5 :  SIG_2                     in4
    L6 :  Bottom                    back


Drill file 'Fx2Mec8.drl' contains
    plated through holes:
    =============================================================
    T1  0,300mm  0,0118"  (292 holes)
    T2  0,500mm  0,0197"  (1 hole)
    T3  3,200mm  0,1260"  (8 holes)

    Total plated holes count 301


Not plated through holes are merged with plated holes
    unplated through holes:
    =============================================================
    T4  1,650mm  0,0650"  (4 holes)

    Total unplated holes count 4
